// Jest Snapshot v1, https://goo.gl/fbAQLP

exports[`testing Dishes check if dishes render correctly 1`] = `
<span>
  Loading ...
</span>
`;
