// Jest Snapshot v1, https://goo.gl/fbAQLP

exports[`testing dish renders properly 1`] = `
<tr>
  <td />
  <td />
  <td />
  <td />
</tr>
`;
