// Jest Snapshot v1, https://goo.gl/fbAQLP

exports[`testing DishList component testing if component renders correctly 1`] = `<tbody />`;
